// Vitest Snapshot v1, https://vitest.dev/guide/snapshot.html

exports[`jsonld-basic > a property-less x-jsonld-type schema becomes a JSON-LD type alias 1`] = `
"/** JSON-LD Type enumeration */
export type PersonType = "Person" | "Patient";
"
`;

exports[`jsonld-basic > output is unchanged when JSON-LD is disabled (default) 1`] = `
[
  {
    "fileContent": "export interface Person {
  /** JSON-LD context */
  "@context"?: object;
  /** JSON-LD type */
  "@type": "Person" | "https://schema.org/Person";
  /**
   * Person identifier
   * @format uri
   */
  "@id"?: string;
  /** Person's name */
  name: string;
  /**
   * Person's email
   * @format email
   */
  email?: string;
  /**
   * Person's birth date
   * @format date
   */
  birthDate?: string;
}

export interface Organization {
  "@context"?: "https://schema.org/";
  "@type": "Organization";
  /** @format uri */
  "@id"?: string;
  name: string;
  /** @format uri */
  url?: string;
  employees?: Person[];
}
",
    "fileExtension": ".ts",
    "fileName": "Api",
  },
]
`;

exports[`jsonld-basic > single file output inlines entities and utility types 1`] = `
[
  {
    "fileContent": "/** JSON-LD Entity: Person */
export interface Person extends JsonLdEntity {
  /** JSON-LD context defining the meaning of terms */
  "@context"?: JsonLdContext;
  /** JSON-LD type identifier */
  "@type": "https://schema.org/Person";
  /** JSON-LD identifier (IRI) */
  "@id"?: string;
  /** Person's name */
  name: string;
  /**
   * Person's email
   * @format email
   */
  email?: string;
  /**
   * Person's birth date
   * @format date
   */
  birthDate?: string;
}

/** JSON-LD Entity: Organization */
export interface Organization extends JsonLdEntity {
  /** JSON-LD context defining the meaning of terms */
  "@context"?: "https://schema.org/";
  /** JSON-LD type identifier */
  "@type": "Organization";
  /** JSON-LD identifier (IRI) */
  "@id"?: string;
  name: string;
  /** @format uri */
  url?: string;
  employees?: Person[];
}

/**
 * JSON-LD Utility Types and Interfaces
 * Generated by swagger-typescript-api
 */

/**
 * Base interface for JSON-LD entities
 */
export interface JsonLdEntity {
  /** JSON-LD context defining the meaning of terms */
  "@context"?: JsonLdContext;
  /** JSON-LD type identifier */
  "@type"?: string | string[];
  /** JSON-LD identifier (IRI) */
  "@id"?: string;
}

/**
 * JSON-LD Context type
 * Can be a string (URI), object (term mappings), or array of contexts
 */
export type JsonLdContext =
  | string
  | JsonLdContextObject
  | (string | JsonLdContextObject)[];

/**
 * JSON-LD Context object with term mappings
 */
export interface JsonLdContextObject {
  [term: string]: string | JsonLdTermDefinition;
}

/**
 * JSON-LD Term Definition
 */
export interface JsonLdTermDefinition {
  /** IRI associated with the term */
  "@id": string;
  /** Type coercion for the term */
  "@type"?: string;
  /** Container specification */
  "@container"?: "@list" | "@set" | "@language" | "@index" | "@id" | "@type";
}

/**
 * JSON-LD Graph structure
 */
export interface JsonLdGraph {
  "@context"?: JsonLdContext;
  "@graph": JsonLdEntity[];
}

/**
 * JSON-LD Node reference
 */
export interface JsonLdNodeReference {
  "@id": string;
}

/**
 * JSON-LD Value object
 */
export interface JsonLdValue {
  "@value": any;
  "@type"?: string;
  "@language"?: string;
}

/**
 * Utility type to extract JSON-LD properties
 */
export type JsonLdProperties<T extends JsonLdEntity> = {
  [K in keyof T]: K extends "@context" | "@type" | "@id" ? never : T[K];
};

/**
 * Utility type to make a type compatible with JSON-LD
 */
export type WithJsonLd<T> = T & JsonLdEntity;
",
    "fileExtension": ".ts",
    "fileName": "Api",
  },
]
`;
